// Jest Snapshot v1, https://goo.gl/fbAQLP

exports[`MuiButton cteated 1`] = `
<button
  className="button"
  onClick={[Function]}
  type="button"
>
  Home
</button>
`;
